// Jest Snapshot v1, https://goo.gl/fbAQLP

exports[`renders correctly 1`] = `
<RCTSafeAreaView
  emulateUnlessSupported={true}
  style={
    Object {
      "backgroundColor": "#5F92F3",
      "flex": 1,
    }
  }
>
  <View
    style={
      Object {
        "alignItems": "center",
        "paddingBottom": 19,
      }
    }
  >
    <Text
      allowFontScaling={false}
      style={
        Array [
          Object {
            "color": "#ffffff",
            "fontSize": 66,
          },
          undefined,
          Object {
            "fontFamily": "PinAppIcon",
            "fontStyle": "normal",
            "fontWeight": "normal",
          },
          Object {},
        ]
      }
    >
      Ó§Å
    </Text>
  </View>
  <View
    style={
      Object {
        "marginTop": -20,
        "paddingHorizontal": 20,
        "zIndex": 1,
      }
    }
  >
    <View
      style={
        Array [
          Object {
            "backgroundColor": "#fff",
            "borderBottomWidth": 0.5,
            "borderColor": "#ccc",
            "borderLeftWidth": 0.5,
            "borderRadius": 2,
            "borderRightWidth": 0.5,
            "borderTopWidth": 0.5,
            "elevation": 3,
            "flexWrap": "nowrap",
            "marginBottom": 5,
            "marginLeft": 2,
            "marginRight": 2,
            "marginTop": 5,
            "shadowColor": "#000",
            "shadowOffset": Object {
              "height": 2,
              "width": 0,
            },
            "shadowOpacity": 0.1,
            "shadowRadius": 1.5,
          },
          Object {
            "borderRadius": 40,
          },
        ]
      }
    >
      <View
        style={
          Array [
            Object {
              "alignItems": "center",
              "backgroundColor": "#fff",
              "borderRadius": 2,
              "flexDirection": "row",
              "paddingBottom": 10,
              "paddingLeft": 15,
              "paddingRight": 15,
              "paddingTop": 10,
            },
            Object {
              "borderRadius": 40,
            },
          ]
        }
      >
        <View
          style={
            Object {
              "alignItems": "flex-start",
              "alignSelf": "stretch",
              "flex": 1,
            }
          }
        >
          <View
            style={
              Object {
                "paddingHorizontal": 20,
                "paddingVertical": 20,
                "width": "100%",
              }
            }
          >
            <Text
              style={
                Object {
                  "color": "#555555",
                  "fontSize": 21,
                }
              }
            >
              Support Team
            </Text>
            <View
              style={
                Object {
                  "height": 22,
                }
              }
            />
            <Text
              style={
                Object {
                  "color": "#555555",
                  "fontSize": 15,
                  "fontWeight": "bold",
                }
              }
            >
              Please write on detail your issue so our team can better assist you.
            </Text>
            <View
              style={
                Object {
                  "height": 20,
                }
              }
            />
            <View
              style={
                Object {
                  "marginLeft": -10,
                }
              }
            >
              <View
                accessible={true}
                isTVSelectable={true}
                onResponderGrant={[Function]}
                onResponderMove={[Function]}
                onResponderRelease={[Function]}
                onResponderTerminate={[Function]}
                onResponderTerminationRequest={[Function]}
                onStartShouldSetResponder={[Function]}
                style={
                  Object {
                    "alignItems": "flex-start",
                    "backgroundColor": "transparent",
                    "borderBottomWidth": 1,
                    "borderColor": "#fff",
                    "borderLeftWidth": 0,
                    "borderRadius": undefined,
                    "borderRightWidth": 0,
                    "borderTopWidth": 0,
                    "borderWidth": undefined,
                    "flexDirection": "row",
                    "height": 240,
                    "margin": 0,
                    "marginLeft": 2,
                    "opacity": 1,
                  }
                }
              >
                <TextInput
                  allowFontScaling={true}
                  autoCapitalize="none"
                  autoCorrect={false}
                  editable={true}
                  multiline={true}
                  numberOfLines={6}
                  onChangeText={[Function]}
                  placeholder="Support team is always here for you"
                  placeholderTextColor="#AFAFAF"
                  rejectResponderTermination={true}
                  returnKeyType="next"
                  style={
                    Array [
                      Object {
                        "color": "#000",
                        "flex": 1,
                        "fontSize": 17,
                        "height": null,
                        "paddingLeft": 5,
                        "paddingRight": 5,
                        "top": 1.5,
                      },
                      Object {
                        "fontSize": 24,
                      },
                    ]
                  }
                  textAlignVertical="top"
                  underlineColorAndroid="rgba(0,0,0,0)"
                />
              </View>
            </View>
          </View>
        </View>
      </View>
    </View>
    <View
      style={
        Object {
          "paddingHorizontal": 88,
          "paddingVertical": 40,
        }
      }
    >
      <Text
        style={
          Object {
            "color": "#fff",
            "fontFamily": "Helvetica",
            "fontSize": 15,
            "textAlign": "center",
          }
        }
      >
        Our support team will email you within the next 24 hours.
      </Text>
      <View
        style={
          Object {
            "height": 60,
          }
        }
      />
      <View
        accessible={true}
        isTVSelectable={true}
        onResponderGrant={[Function]}
        onResponderMove={[Function]}
        onResponderRelease={[Function]}
        onResponderTerminate={[Function]}
        onResponderTerminationRequest={[Function]}
        onStartShouldSetResponder={[Function]}
        style={
          Object {
            "alignItems": "center",
            "alignSelf": "stretch",
            "backgroundColor": "#fff",
            "borderBottomWidth": null,
            "borderColor": "#007aff",
            "borderLeftWidth": null,
            "borderRadius": 57,
            "borderRightWidth": null,
            "borderTopWidth": null,
            "borderWidth": undefined,
            "elevation": 2,
            "flexDirection": "row",
            "height": 45,
            "justifyContent": "center",
            "opacity": 1,
            "paddingBottom": 6,
            "paddingTop": 6,
            "shadowColor": undefined,
            "shadowOffset": undefined,
            "shadowOpacity": undefined,
            "shadowRadius": undefined,
          }
        }
      >
        <Text
          style={
            Array [
              Object {
                "fontSize": 24,
              },
              Object {
                "color": "#000",
                "fontSize": 21,
                "fontWeight": "bold",
              },
              undefined,
            ]
          }
        >
          Send
        </Text>
      </View>
    </View>
  </View>
  <Image
    onError={[Function]}
    onHeightChange={[Function]}
    source={
      Object {
        "testUri": "../../../assets/img/city2.png",
      }
    }
    style={
      Array [
        Object {
          "height": 0,
          "width": 750,
        },
        Object {
          "bottom": 0,
          "position": "absolute",
        },
      ]
    }
  />
</RCTSafeAreaView>
`;
