// Jest Snapshot v1, https://goo.gl/fbAQLP

exports[`renders correctly 1`] = `
<View>
  <View
    style={
      Object {
        "marginTop": -20,
        "paddingHorizontal": 20,
        "zIndex": 1,
      }
    }
  >
    <View
      style={
        Array [
          Object {
            "backgroundColor": "#fff",
            "borderBottomWidth": 0.5,
            "borderColor": "#ccc",
            "borderLeftWidth": 0.5,
            "borderRadius": 2,
            "borderRightWidth": 0.5,
            "borderTopWidth": 0.5,
            "elevation": 3,
            "flexWrap": "nowrap",
            "marginBottom": 5,
            "marginLeft": 2,
            "marginRight": 2,
            "marginTop": 5,
            "shadowColor": "#000",
            "shadowOffset": Object {
              "height": 2,
              "width": 0,
            },
            "shadowOpacity": 0.1,
            "shadowRadius": 1.5,
          },
          Object {
            "borderRadius": 40,
          },
        ]
      }
    >
      <View
        style={
          Array [
            Object {
              "alignItems": "center",
              "backgroundColor": "#fff",
              "borderRadius": 2,
              "flexDirection": "row",
              "paddingBottom": 10,
              "paddingLeft": 15,
              "paddingRight": 15,
              "paddingTop": 10,
            },
            Object {
              "borderRadius": 40,
            },
          ]
        }
      >
        <View
          style={
            Object {
              "alignItems": "flex-start",
              "alignSelf": "stretch",
              "flex": 1,
            }
          }
        >
          <View
            style={
              Object {
                "paddingHorizontal": 20,
                "paddingVertical": 20,
                "width": "100%",
              }
            }
          >
            <Text>
              Test
            </Text>
          </View>
        </View>
      </View>
    </View>
  </View>
</View>
`;
