// Jest Snapshot v1, https://goo.gl/fbAQLP

exports[`renders correctly 1`] = `
<RCTSafeAreaView
  emulateUnlessSupported={true}
  style={
    Object {
      "backgroundColor": "#5F92F3",
      "flex": 1,
    }
  }
>
  <View
    style={
      Object {
        "alignItems": "center",
        "marginBottom": 15,
        "marginTop": 30,
      }
    }
  >
    <Text
      style={
        Object {
          "color": "white",
          "fontSize": 14,
          "marginBottom": 16,
        }
      }
    >
      Success
    </Text>
    <Text
      allowFontScaling={false}
      style={
        Array [
          Object {
            "color": "#fff",
            "fontSize": 40,
          },
          undefined,
          Object {
            "fontFamily": "PinAppIcon",
            "fontStyle": "normal",
            "fontWeight": "normal",
          },
          Object {},
        ]
      }
    >
      î¤’
    </Text>
  </View>
  <View
    style={
      Object {
        "marginBottom": 15,
        "marginLeft": 25,
        "marginTop": 16,
      }
    }
  >
    <Text
      style={
        Object {
          "color": "white",
          "fontSize": 16,
          "marginBottom": 16,
        }
      }
    >
      Support Team
    </Text>
    <Text
      style={
        Object {
          "color": "white",
          "fontSize": 10,
          "fontWeight": "bold",
          "marginBottom": 16,
        }
      }
    >
      You will receive a password reset email soon...
    </Text>
  </View>
  <Image
    onError={[Function]}
    onHeightChange={[Function]}
    source={
      Object {
        "testUri": "../../../assets/img/city2.png",
      }
    }
    style={
      Array [
        Object {
          "height": 0,
          "width": 750,
        },
        Object {
          "bottom": 0,
          "position": "absolute",
        },
      ]
    }
  />
  <View
    style={
      Object {
        "marginLeft": 25,
        "marginRight": 25,
        "marginTop": 50,
      }
    }
  >
    <View
      accessible={true}
      isTVSelectable={true}
      onResponderGrant={[Function]}
      onResponderMove={[Function]}
      onResponderRelease={[Function]}
      onResponderTerminate={[Function]}
      onResponderTerminationRequest={[Function]}
      onStartShouldSetResponder={[Function]}
      style={
        Object {
          "alignItems": "center",
          "alignSelf": "stretch",
          "backgroundColor": "#FFFFFF",
          "borderBottomWidth": null,
          "borderColor": "#007aff",
          "borderLeftWidth": null,
          "borderRadius": 57,
          "borderRightWidth": null,
          "borderTopWidth": null,
          "borderWidth": undefined,
          "elevation": 2,
          "flexDirection": "row",
          "height": 45,
          "justifyContent": "center",
          "opacity": 1,
          "paddingBottom": 6,
          "paddingTop": 6,
          "shadowColor": undefined,
          "shadowOffset": undefined,
          "shadowOpacity": undefined,
          "shadowRadius": undefined,
        }
      }
    >
      <Text
        style={
          Array [
            Object {
              "fontSize": 24,
            },
            undefined,
            Object {
              "color": "#5F92F3",
            },
          ]
        }
      >
        Continue
      </Text>
    </View>
    <Text
      style={
        Object {
          "color": "white",
          "fontSize": 10,
          "marginBottom": 16,
          "marginTop": 8,
          "textAlign": "center",
        }
      }
    >
      Please check you email
    </Text>
  </View>
</RCTSafeAreaView>
`;
