// Jest Snapshot v1, https://goo.gl/fbAQLP

exports[`renders correctly 1`] = `
<RCTSafeAreaView
  emulateUnlessSupported={true}
  style={
    Object {
      "backgroundColor": "#5F92F3",
      "flex": 1,
    }
  }
>
  <View
    style={
      Object {
        "alignItems": "center",
        "marginBottom": 15,
      }
    }
  >
    <Text
      allowFontScaling={false}
      style={
        Array [
          Object {
            "color": "#fff",
            "fontSize": 40,
          },
          undefined,
          Object {
            "fontFamily": "PinAppIcon",
            "fontStyle": "normal",
            "fontWeight": "normal",
          },
          Object {},
        ]
      }
    >
      î¤’
    </Text>
  </View>
  <View>
    <View
      style={
        Object {
          "marginTop": -20,
          "paddingHorizontal": 20,
          "zIndex": 1,
        }
      }
    >
      <View
        style={
          Array [
            Object {
              "backgroundColor": "#fff",
              "borderBottomWidth": 0.5,
              "borderColor": "#ccc",
              "borderLeftWidth": 0.5,
              "borderRadius": 2,
              "borderRightWidth": 0.5,
              "borderTopWidth": 0.5,
              "elevation": 3,
              "flexWrap": "nowrap",
              "marginBottom": 5,
              "marginLeft": 2,
              "marginRight": 2,
              "marginTop": 5,
              "shadowColor": "#000",
              "shadowOffset": Object {
                "height": 2,
                "width": 0,
              },
              "shadowOpacity": 0.1,
              "shadowRadius": 1.5,
            },
            Object {
              "borderRadius": 40,
            },
          ]
        }
      >
        <View
          style={
            Array [
              Object {
                "alignItems": "center",
                "backgroundColor": "#fff",
                "borderRadius": 2,
                "flexDirection": "row",
                "paddingBottom": 10,
                "paddingLeft": 15,
                "paddingRight": 15,
                "paddingTop": 10,
              },
              Object {
                "borderRadius": 40,
              },
            ]
          }
        >
          <View
            style={
              Object {
                "alignItems": "flex-start",
                "alignSelf": "stretch",
                "flex": 1,
              }
            }
          >
            <View
              style={
                Object {
                  "paddingHorizontal": 20,
                  "paddingVertical": 20,
                  "width": "100%",
                }
              }
            >
              <Text
                style={
                  Object {
                    "color": "#555555",
                    "fontSize": 14,
                  }
                }
              >
                Write your email
              </Text>
              <View
                style={
                  Object {
                    "height": 5,
                  }
                }
              />
              <View
                style={
                  Object {
                    "marginLeft": -5,
                  }
                }
              >
                <View
                  accessible={true}
                  isTVSelectable={true}
                  onResponderGrant={[Function]}
                  onResponderMove={[Function]}
                  onResponderRelease={[Function]}
                  onResponderTerminate={[Function]}
                  onResponderTerminationRequest={[Function]}
                  onStartShouldSetResponder={[Function]}
                  style={
                    Object {
                      "alignItems": "center",
                      "backgroundColor": "transparent",
                      "borderBottomWidth": 1,
                      "borderColor": "#fff",
                      "borderLeftWidth": 0,
                      "borderRadius": undefined,
                      "borderRightWidth": 0,
                      "borderTopWidth": 0,
                      "borderWidth": undefined,
                      "flexDirection": "row",
                      "margin": 0,
                      "marginLeft": 2,
                      "opacity": 1,
                    }
                  }
                >
                  <TextInput
                    allowFontScaling={true}
                    autoCapitalize="none"
                    autoCorrect={false}
                    editable={true}
                    onChangeText={[Function]}
                    placeholder="example@email.com"
                    placeholderTextColor="#AFAFAF"
                    rejectResponderTermination={true}
                    returnKeyType="next"
                    style={
                      Array [
                        Object {
                          "color": "#000",
                          "flex": 1,
                          "fontSize": 17,
                          "height": 50,
                          "paddingLeft": 5,
                          "paddingRight": 5,
                          "top": 1.5,
                        },
                        Object {
                          "fontSize": 16,
                        },
                      ]
                    }
                    underlineColorAndroid="rgba(0,0,0,0)"
                  />
                </View>
                <Text
                  style={
                    Object {
                      "color": "#FF0000",
                      "fontSize": 12,
                      "paddingHorizontal": 10,
                      "paddingVertical": 10,
                    }
                  }
                />
              </View>
              <View
                style={
                  Object {
                    "height": 100,
                  }
                }
              />
            </View>
          </View>
        </View>
      </View>
    </View>
  </View>
  <Image
    onError={[Function]}
    onHeightChange={[Function]}
    source={
      Object {
        "testUri": "../../../assets/img/city2.png",
      }
    }
    style={
      Array [
        Object {
          "height": 0,
          "width": 750,
        },
        Object {
          "bottom": 0,
          "position": "absolute",
        },
      ]
    }
  />
</RCTSafeAreaView>
`;
