// Jest Snapshot v1, https://goo.gl/fbAQLP

exports[`renders correctly 1`] = `
<View
  style={
    Object {
      "backgroundColor": "#5F92F3",
      "flex": 1,
    }
  }
>
  <View
    onLayout={[Function]}
  >
    <View
      style={
        Array [
          Object {
            "backgroundColor": "#F8F8F8",
            "borderBottomColor": "#a7a6ab",
            "borderBottomWidth": 0.5,
            "elevation": 3,
            "flexDirection": "row",
            "height": 64,
            "justifyContent": "center",
            "left": 0,
            "paddingLeft": 6,
            "paddingRight": 10,
            "paddingTop": 18,
            "right": 0,
            "shadowColor": undefined,
            "shadowOffset": undefined,
            "shadowOpacity": undefined,
            "shadowRadius": undefined,
            "top": 0,
          },
          Object {
            "backgroundColor": "#5F92F3",
            "borderBottomWidth": 0,
            "elevation": 0,
            "marginTop": 26.68,
          },
        ]
      }
    >
      <View
        style={
          Array [
            Object {
              "alignItems": "flex-start",
              "alignSelf": "center",
              "flex": 1,
            },
            Object {
              "flex": 1,
            },
          ]
        }
      />
      <View
        style={
          Object {
            "alignItems": "center",
            "alignSelf": "center",
            "flex": 1,
          }
        }
      >
        <Text
          style={
            Array [
              Object {
                "color": "#000",
                "fontFamily": "System",
                "fontSize": 16,
              },
              Object {
                "alignSelf": "center",
                "color": "white",
                "fontSize": 18,
                "fontWeight": "bold",
              },
            ]
          }
          uppercase={false}
        >
          Favorites
        </Text>
      </View>
      <View
        style={
          Object {
            "alignItems": "flex-end",
            "alignSelf": "center",
            "flex": 1,
            "flexDirection": "row",
            "justifyContent": "flex-end",
          }
        }
      >
        <View
          accessible={true}
          isTVSelectable={true}
          onResponderGrant={[Function]}
          onResponderMove={[Function]}
          onResponderRelease={[Function]}
          onResponderTerminate={[Function]}
          onResponderTerminationRequest={[Function]}
          onStartShouldSetResponder={[Function]}
          style={
            Object {
              "alignItems": "center",
              "alignSelf": null,
              "backgroundColor": "transparent",
              "borderBottomWidth": null,
              "borderColor": null,
              "borderLeftWidth": null,
              "borderRadius": 50,
              "borderRightWidth": null,
              "borderTopWidth": null,
              "borderWidth": undefined,
              "elevation": 0,
              "flexDirection": "row",
              "height": 45,
              "justifyContent": "space-between",
              "marginRight": -9,
              "opacity": 1,
              "paddingBottom": 6,
              "paddingLeft": 15,
              "paddingRight": 15,
              "paddingTop": 6,
              "shadowColor": null,
              "shadowOffset": null,
              "shadowOpacity": null,
              "shadowRadius": null,
            }
          }
        >
          <Text
            allowFontScaling={false}
            style={
              Array [
                Object {
                  "color": undefined,
                  "fontSize": 12,
                },
                Object {
                  "alignSelf": "center",
                  "color": "white",
                  "fontSize": 18,
                  "fontWeight": "bold",
                },
                Object {
                  "fontFamily": "PinAppIcon",
                  "fontStyle": "normal",
                  "fontWeight": "normal",
                },
                Object {},
              ]
            }
          >
            î¤´
          </Text>
        </View>
      </View>
    </View>
  </View>
  <View
    style={
      Object {
        "flex": 1,
      }
    }
  >
    <RCTScrollView
      contentContainerStyle={
        Object {
          "flexDirection": "column",
          "justifyContent": "flex-start",
          "marginLeft": 40,
          "marginRight": 30,
        }
      }
      data={Array []}
      disableVirtualization={false}
      getItem={[Function]}
      getItemCount={[Function]}
      getItemLayout={[Function]}
      horizontal={false}
      initialNumToRender={10}
      keyExtractor={[Function]}
      maxToRenderPerBatch={10}
      numColumns={1}
      onContentSizeChange={[Function]}
      onEndReached={[Function]}
      onEndReachedThreshold={0.2}
      onLayout={[Function]}
      onMomentumScrollEnd={[Function]}
      onScroll={[Function]}
      onScrollBeginDrag={[Function]}
      onScrollEndDrag={[Function]}
      removeClippedSubviews={false}
      renderItem={[Function]}
      scrollEventThrottle={50}
      stickyHeaderIndices={Array []}
      style={
        Object {
          "width": "100%",
        }
      }
      updateCellsBatchingPeriod={50}
      viewabilityConfigCallbackPairs={Array []}
      windowSize={21}
    >
      <View />
    </RCTScrollView>
  </View>
</View>
`;
