// Jest Snapshot v1, https://goo.gl/fbAQLP

exports[`renders correctly 1`] = `
<View
  accessible={true}
  onResponderGrant={[Function]}
  onResponderMove={[Function]}
  onResponderRelease={[Function]}
  onResponderTerminate={[Function]}
  onResponderTerminationRequest={[Function]}
  onStartShouldSetResponder={[Function]}
  style={
    Object {
      "flex": 1,
    }
  }
>
  <RNCSafeAreaView
    onInsetsChange={[Function]}
    style={
      Object {
        "flex": 1,
      }
    }
  >
    <View
      collapsable={true}
      onLayout={[Function]}
      removeClippedSubviews={false}
      style={
        Array [
          Object {
            "flex": 1,
            "overflow": "hidden",
          },
          Object {
            "overflow": "hidden",
          },
        ]
      }
    >
      <View
        pointerEvents="box-none"
        style={
          Object {
            "bottom": 0,
            "left": 0,
            "overflow": "hidden",
            "position": "absolute",
            "right": 0,
            "top": 0,
            "transform": Array [
              Object {
                "translateY": 0,
              },
            ],
          }
        }
      >
        <View
          accessibilityElementsHidden={false}
          closing={false}
          gestureVelocityImpact={0.3}
          importantForAccessibility="auto"
          onClose={[Function]}
          onGestureBegin={[Function]}
          onGestureCanceled={[Function]}
          onOpen={[Function]}
          onTransitionStart={[Function]}
          pointerEvents="box-none"
          style={
            Object {
              "bottom": 0,
              "left": 0,
              "position": "absolute",
              "right": 0,
              "top": 0,
            }
          }
          transitionSpec={
            Object {
              "close": Object {
                "animation": "spring",
                "config": Object {
                  "damping": 500,
                  "mass": 3,
                  "overshootClamping": true,
                  "restDisplacementThreshold": 0.01,
                  "restSpeedThreshold": 0.01,
                  "stiffness": 1000,
                },
              },
              "open": Object {
                "animation": "spring",
                "config": Object {
                  "damping": 500,
                  "mass": 3,
                  "overshootClamping": true,
                  "restDisplacementThreshold": 0.01,
                  "restSpeedThreshold": 0.01,
                  "stiffness": 1000,
                },
              },
            }
          }
        >
          <View
            pointerEvents="box-none"
            style={
              Object {
                "flex": 1,
              }
            }
          >
            <View
              collapsable={false}
              onGestureHandlerEvent={[Function]}
              onGestureHandlerStateChange={[Function]}
              style={
                Object {
                  "flex": 1,
                  "transform": Array [
                    Object {
                      "translateX": 0,
                    },
                    Object {
                      "translateX": 0,
                    },
                  ],
                }
              }
            >
              <View
                pointerEvents="none"
                style={
                  Object {
                    "backgroundColor": "#fff",
                    "bottom": 0,
                    "left": 0,
                    "position": "absolute",
                    "shadowColor": "#000",
                    "shadowOffset": Object {
                      "height": 1,
                      "width": -1,
                    },
                    "shadowOpacity": 0.3,
                    "shadowRadius": 5,
                    "top": 0,
                    "width": 3,
                  }
                }
              />
              <View
                style={
                  Array [
                    Object {
                      "flex": 1,
                      "overflow": "hidden",
                    },
                    Array [
                      Object {
                        "backgroundColor": "rgb(242, 242, 242)",
                      },
                      undefined,
                    ],
                  ]
                }
              >
                <View
                  style={
                    Object {
                      "flex": 1,
                      "flexDirection": "column-reverse",
                    }
                  }
                >
                  <View
                    style={
                      Object {
                        "flex": 1,
                      }
                    }
                  >
                    <View
                      style={
                        Object {
                          "flex": 1,
                        }
                      }
                    >
                      <View
                        style={
                          Array [
                            Object {},
                            Object {
                              "alignItems": "center",
                              "backgroundColor": "#5F92F3",
                              "flex": 1,
                              "justifyContent": "center",
                            },
                          ]
                        }
                      >
                        <View
                          style={
                            Array [
                              Object {},
                              Object {
                                "backgroundColor": "transparent",
                              },
                            ]
                          }
                        >
                          <Text
                            style={
                              Object {
                                "color": "white",
                                "fontFamily": "SignPainter",
                                "fontSize": 63,
                                "transform": Array [
                                  Object {
                                    "scale": 1,
                                  },
                                ],
                              }
                            }
                          >
                            scopin
                          </Text>
                        </View>
                      </View>
                      <Modal
                        animationType="fade"
                        hardwareAccelerated={false}
                        onRequestClose={[Function]}
                        transparent={true}
                        visible={false}
                      >
                        <View
                          accessible={true}
                          isTVSelectable={true}
                          onResponderGrant={[Function]}
                          onResponderMove={[Function]}
                          onResponderRelease={[Function]}
                          onResponderTerminate={[Function]}
                          onResponderTerminationRequest={[Function]}
                          onStartShouldSetResponder={[Function]}
                          style={
                            Object {
                              "backgroundColor": "rgba(0,0,0,0.4)",
                              "flex": 1,
                              "justifyContent": "flex-end",
                              "opacity": 1,
                            }
                          }
                        >
                          <View
                            accessible={true}
                            isTVSelectable={true}
                            onResponderGrant={[Function]}
                            onResponderMove={[Function]}
                            onResponderRelease={[Function]}
                            onResponderTerminate={[Function]}
                            onResponderTerminationRequest={[Function]}
                            onStartShouldSetResponder={[Function]}
                            style={
                              Object {
                                "backgroundColor": "#fff",
                                "elevation": 4,
                                "maxHeight": 667,
                                "minHeight": 56,
                                "opacity": 1,
                                "padding": 15,
                              }
                            }
                          >
                            <RCTScrollView
                              data={Array []}
                              disableVirtualization={false}
                              getItem={[Function]}
                              getItemCount={[Function]}
                              horizontal={false}
                              initialNumToRender={10}
                              keyExtractor={[Function]}
                              maxToRenderPerBatch={10}
                              numColumns={1}
                              onContentSizeChange={[Function]}
                              onEndReachedThreshold={2}
                              onLayout={[Function]}
                              onMomentumScrollEnd={[Function]}
                              onScroll={[Function]}
                              onScrollBeginDrag={[Function]}
                              onScrollEndDrag={[Function]}
                              removeClippedSubviews={false}
                              renderItem={[Function]}
                              scrollEventThrottle={50}
                              stickyHeaderIndices={Array []}
                              style={
                                Array [
                                  Object {
                                    "marginHorizontal": -15,
                                  },
                                  Object {
                                    "marginTop": 0,
                                  },
                                ]
                              }
                              updateCellsBatchingPeriod={50}
                              viewabilityConfigCallbackPairs={Array []}
                              windowSize={21}
                            >
                              <View />
                            </RCTScrollView>
                          </View>
                        </View>
                      </Modal>
                    </View>
                  </View>
                </View>
              </View>
            </View>
          </View>
        </View>
      </View>
    </View>
    <View
      pointerEvents="box-none"
      style={
        Object {
          "left": 0,
          "position": "absolute",
          "right": 0,
          "top": 0,
        }
      }
    >
      <View
        accessibilityElementsHidden={false}
        importantForAccessibility="auto"
        onLayout={[Function]}
        pointerEvents="box-none"
        style={
          Object {
            "left": 0,
            "position": "absolute",
            "right": 0,
            "top": 0,
          }
        }
      />
    </View>
  </RNCSafeAreaView>
  <View
    style={
      Object {
        "left": 0,
        "opacity": 0,
        "position": "absolute",
        "right": 0,
        "top": 0,
        "transform": Array [
          Object {
            "translateY": -48,
          },
        ],
      }
    }
  />
  <Modal
    animationType="fade"
    hardwareAccelerated={false}
    onRequestClose={[Function]}
    transparent={true}
    visible={false}
  >
    <View
      accessible={true}
      isTVSelectable={true}
      onResponderGrant={[Function]}
      onResponderMove={[Function]}
      onResponderRelease={[Function]}
      onResponderTerminate={[Function]}
      onResponderTerminationRequest={[Function]}
      onStartShouldSetResponder={[Function]}
      style={
        Object {
          "backgroundColor": "rgba(0,0,0,0.4)",
          "flex": 1,
          "justifyContent": "flex-end",
          "opacity": 1,
        }
      }
    >
      <View
        accessible={true}
        isTVSelectable={true}
        onResponderGrant={[Function]}
        onResponderMove={[Function]}
        onResponderRelease={[Function]}
        onResponderTerminate={[Function]}
        onResponderTerminationRequest={[Function]}
        onStartShouldSetResponder={[Function]}
        style={
          Object {
            "backgroundColor": "#fff",
            "elevation": 4,
            "maxHeight": 667,
            "minHeight": 56,
            "opacity": 1,
            "padding": 15,
          }
        }
      >
        <RCTScrollView
          data={Array []}
          disableVirtualization={false}
          getItem={[Function]}
          getItemCount={[Function]}
          horizontal={false}
          initialNumToRender={10}
          keyExtractor={[Function]}
          maxToRenderPerBatch={10}
          numColumns={1}
          onContentSizeChange={[Function]}
          onEndReachedThreshold={2}
          onLayout={[Function]}
          onMomentumScrollEnd={[Function]}
          onScroll={[Function]}
          onScrollBeginDrag={[Function]}
          onScrollEndDrag={[Function]}
          removeClippedSubviews={false}
          renderItem={[Function]}
          scrollEventThrottle={50}
          stickyHeaderIndices={Array []}
          style={
            Array [
              Object {
                "marginHorizontal": -15,
              },
              Object {
                "marginTop": 0,
              },
            ]
          }
          updateCellsBatchingPeriod={50}
          viewabilityConfigCallbackPairs={Array []}
          windowSize={21}
        >
          <View />
        </RCTScrollView>
      </View>
    </View>
  </Modal>
</View>
`;
